2026-02-02 05:36:54 ==== FontHook start 2026-02-02 05:36:54 ====
2026-02-02 05:36:54 [I] root=D:\SteamLibrary\steamapps\common\HuniePop
2026-02-02 05:36:54 [I] dataPath=D:/SteamLibrary/steamapps/common/HuniePop/HuniePop_Data
2026-02-02 05:36:54 [I] [Entry] Install ENTER
2026-02-02 05:36:54 [I] [Entry] Runner created
2026-02-02 05:36:54 [I] [Runner] Bootstrap ENTER
2026-02-02 05:36:54 [I] [Runner] fontsDir=D:\SteamLibrary\steamapps\common\HuniePop\HuniePop_Data\Managed\fonts
2026-02-02 05:36:54 [I] [Runner] tk2dFontData found=True
2026-02-02 05:36:54 [I] [Runner] tk2dFontChar found=True
2026-02-02 05:36:57 [I] [Runner] pack OK: r16 tex=4096x4096 glyphs=11656
2026-02-02 05:36:59 [I] [Runner] pack OK: r18 tex=4096x4096 glyphs=11656
2026-02-02 05:37:02 [I] [Runner] pack OK: r20 tex=4096x4096 glyphs=11656
2026-02-02 05:37:04 [I] [Runner] pack OK: r26 tex=4096x4096 glyphs=11656
2026-02-02 05:37:07 [I] [Runner] pack OK: b20 tex=4096x4096 glyphs=11656
2026-02-02 05:37:10 [I] [Runner] pack OK: b22 tex=4096x4096 glyphs=11656
2026-02-02 05:37:12 [I] [Runner] pack OK: b30 tex=4096x4096 glyphs=11656
2026-02-02 05:37:12 [I] [Runner] packsLoaded=7
2026-02-02 05:37:12 [E] [Runner] ApplyPackToFontData EX: System.MissingMethodException: Method not found: 'System.Type.op_Equality'.
  at FontHook.FontHookRunner.BuildTk2dDict (FontHook.BMFontPack pack) [0x00000] in <filename unknown>:0 
  at FontHook.FontHookRunner.ApplyPackToFontData (System.Object fontDataObj, FontHook.BMFontPack pack) [0x00000] in <filename unknown>:0 
2026-02-02 05:37:12 [I] [Runner] sample font=ExoDemibold16pxFontdata => key=b20 px=16 bold=True
2026-02-02 05:37:12 [E] [Runner] ApplyPackToFontData EX: System.MissingMethodException: Method not found: 'System.Type.op_Equality'.
  at FontHook.FontHookRunner.BuildTk2dDict (FontHook.BMFontPack pack) [0x00000] in <filename unknown>:0 
  at FontHook.FontHookRunner.ApplyPackToFontData (System.Object fontDataObj, FontHook.BMFontPack pack) [0x00000] in <filename unknown>:0 
2026-02-02 05:37:12 [E] [Runner] ApplyPackToFontData EX: System.MissingMethodException: Method not found: 'System.Type.op_Equality'.
  at FontHook.FontHookRunner.BuildTk2dDict (FontHook.BMFontPack pack) [0x00000] in <filename unknown>:0 
  at FontHook.FontHookRunner.ApplyPackToFontData (System.Object fontDataObj, FontHook.BMFontPack pack) [0x00000] in <filename unknown>:0 
2026-02-02 05:37:12 [E] [Runner] ApplyPackToFontData EX: System.MissingMethodException: Method not found: 'System.Type.op_Equality'.
  at FontHook.FontHookRunner.BuildTk2dDict (FontHook.BMFontPack pack) [0x00000] in <filename unknown>:0 
  at FontHook.FontHookRunner.ApplyPackToFontData (System.Object fontDataObj, FontHook.BMFontPack pack) [0x00000] in <filename unknown>:0 
2026-02-02 05:37:12 [E] [Runner] ApplyPackToFontData EX: System.MissingMethodException: Method not found: 'System.Type.op_Equality'.
  at FontHook.FontHookRunner.BuildTk2dDict (FontHook.BMFontPack pack) [0x00000] in <filename unknown>:0 
  at FontHook.FontHookRunner.ApplyPackToFontData (System.Object fontDataObj, FontHook.BMFontPack pack) [0x00000] in <filename unknown>:0 
2026-02-02 05:37:12 [E] [Runner] ApplyPackToFontData EX: System.MissingMethodException: Method not found: 'System.Type.op_Equality'.
  at FontHook.FontHookRunner.BuildTk2dDict (FontHook.BMFontPack pack) [0x00000] in <filename unknown>:0 
  at FontHook.FontHookRunner.ApplyPackToFontData (System.Object fontDataObj, FontHook.BMFontPack pack) [0x00000] in <filename unknown>:0 
2026-02-02 05:37:12 [E] [Runner] ApplyPackToFontData EX: System.MissingMethodException: Method not found: 'System.Type.op_Equality'.
  at FontHook.FontHookRunner.BuildTk2dDict (FontHook.BMFontPack pack) [0x00000] in <filename unknown>:0 
  at FontHook.FontHookRunner.ApplyPackToFontData (System.Object fontDataObj, FontHook.BMFontPack pack) [0x00000] in <filename unknown>:0 
2026-02-02 05:37:12 [E] [Runner] ApplyPackToFontData EX: System.MissingMethodException: Method not found: 'System.Type.op_Equality'.
  at FontHook.FontHookRunner.BuildTk2dDict (FontHook.BMFontPack pack) [0x00000] in <filename unknown>:0 
  at FontHook.FontHookRunner.ApplyPackToFontData (System.Object fontDataObj, FontHook.BMFontPack pack) [0x00000] in <filename unknown>:0 
2026-02-02 05:37:12 [E] [Runner] ApplyPackToFontData EX: System.MissingMethodException: Method not found: 'System.Type.op_Equality'.
  at FontHook.FontHookRunner.BuildTk2dDict (FontHook.BMFontPack pack) [0x00000] in <filename unknown>:0 
  at FontHook.FontHookRunner.ApplyPackToFontData (System.Object fontDataObj, FontHook.BMFontPack pack) [0x00000] in <filename unknown>:0 
2026-02-02 05:37:12 [E] [Runner] ApplyPackToFontData EX: System.MissingMethodException: Method not found: 'System.Type.op_Equality'.
  at FontHook.FontHookRunner.BuildTk2dDict (FontHook.BMFontPack pack) [0x00000] in <filename unknown>:0 
  at FontHook.FontHookRunner.ApplyPackToFontData (System.Object fontDataObj, FontHook.BMFontPack pack) [0x00000] in <filename unknown>:0 
2026-02-02 05:37:12 [E] [Runner] ApplyPackToFontData EX: System.MissingMethodException: Method not found: 'System.Type.op_Equality'.
  at FontHook.FontHookRunner.BuildTk2dDict (FontHook.BMFontPack pack) [0x00000] in <filename unknown>:0 
  at FontHook.FontHookRunner.ApplyPackToFontData (System.Object fontDataObj, FontHook.BMFontPack pack) [0x00000] in <filename unknown>:0 
2026-02-02 05:37:12 [E] [Runner] ApplyPackToFontData EX: System.MissingMethodException: Method not found: 'System.Type.op_Equality'.
  at FontHook.FontHookRunner.BuildTk2dDict (FontHook.BMFontPack pack) [0x00000] in <filename unknown>:0 
  at FontHook.FontHookRunner.ApplyPackToFontData (System.Object fontDataObj, FontHook.BMFontPack pack) [0x00000] in <filename unknown>:0 
2026-02-02 05:37:12 [E] [Runner] ApplyPackToFontData EX: System.MissingMethodException: Method not found: 'System.Type.op_Equality'.
  at FontHook.FontHookRunner.BuildTk2dDict (FontHook.BMFontPack pack) [0x00000] in <filename unknown>:0 
  at FontHook.FontHookRunner.ApplyPackToFontData (System.Object fontDataObj, FontHook.BMFontPack pack) [0x00000] in <filename unknown>:0 
2026-02-02 05:37:12 [E] [Runner] ApplyPackToFontData EX: System.MissingMethodException: Method not found: 'System.Type.op_Equality'.
  at FontHook.FontHookRunner.BuildTk2dDict (FontHook.BMFontPack pack) [0x00000] in <filename unknown>:0 
  at FontHook.FontHookRunner.ApplyPackToFontData (System.Object fontDataObj, FontHook.BMFontPack pack) [0x00000] in <filename unknown>:0 
2026-02-02 05:37:12 [E] [Runner] ApplyPackToFontData EX: System.MissingMethodException: Method not found: 'System.Type.op_Equality'.
  at FontHook.FontHookRunner.BuildTk2dDict (FontHook.BMFontPack pack) [0x00000] in <filename unknown>:0 
  at FontHook.FontHookRunner.ApplyPackToFontData (System.Object fontDataObj, FontHook.BMFontPack pack) [0x00000] in <filename unknown>:0 
2026-02-02 05:37:12 [E] [Runner] ApplyPackToFontData EX: System.MissingMethodException: Method not found: 'System.Type.op_Equality'.
  at FontHook.FontHookRunner.BuildTk2dDict (FontHook.BMFontPack pack) [0x00000] in <filename unknown>:0 
  at FontHook.FontHookRunner.ApplyPackToFontData (System.Object fontDataObj, FontHook.BMFontPack pack) [0x00000] in <filename unknown>:0 
2026-02-02 05:37:12 [E] [Runner] ApplyPackToFontData EX: System.MissingMethodException: Method not found: 'System.Type.op_Equality'.
  at FontHook.FontHookRunner.BuildTk2dDict (FontHook.BMFontPack pack) [0x00000] in <filename unknown>:0 
  at FontHook.FontHookRunner.ApplyPackToFontData (System.Object fontDataObj, FontHook.BMFontPack pack) [0x00000] in <filename unknown>:0 
2026-02-02 05:37:12 [E] [Runner] ApplyPackToFontData EX: System.MissingMethodException: Method not found: 'System.Type.op_Equality'.
  at FontHook.FontHookRunner.BuildTk2dDict (FontHook.BMFontPack pack) [0x00000] in <filename unknown>:0 
  at FontHook.FontHookRunner.ApplyPackToFontData (System.Object fontDataObj, FontHook.BMFontPack pack) [0x00000] in <filename unknown>:0 
2026-02-02 05:37:12 [E] [Runner] ApplyPackToFontData EX: System.MissingMethodException: Method not found: 'System.Type.op_Equality'.
  at FontHook.FontHookRunner.BuildTk2dDict (FontHook.BMFontPack pack) [0x00000] in <filename unknown>:0 
  at FontHook.FontHookRunner.ApplyPackToFontData (System.Object fontDataObj, FontHook.BMFontPack pack) [0x00000] in <filename unknown>:0 
2026-02-02 05:37:12 [E] [Runner] ApplyPackToFontData EX: System.MissingMethodException: Method not found: 'System.Type.op_Equality'.
  at FontHook.FontHookRunner.BuildTk2dDict (FontHook.BMFontPack pack) [0x00000] in <filename unknown>:0 
  at FontHook.FontHookRunner.ApplyPackToFontData (System.Object fontDataObj, FontHook.BMFontPack pack) [0x00000] in <filename unknown>:0 
2026-02-02 05:37:12 [E] [Runner] ApplyPackToFontData EX: System.MissingMethodException: Method not found: 'System.Type.op_Equality'.
  at FontHook.FontHookRunner.BuildTk2dDict (FontHook.BMFontPack pack) [0x00000] in <filename unknown>:0 
  at FontHook.FontHookRunner.ApplyPackToFontData (System.Object fontDataObj, FontHook.BMFontPack pack) [0x00000] in <filename unknown>:0 
2026-02-02 05:37:12 [E] [Runner] ApplyPackToFontData EX: System.MissingMethodException: Method not found: 'System.Type.op_Equality'.
  at FontHook.FontHookRunner.BuildTk2dDict (FontHook.BMFontPack pack) [0x00000] in <filename unknown>:0 
  at FontHook.FontHookRunner.ApplyPackToFontData (System.Object fontDataObj, FontHook.BMFontPack pack) [0x00000] in <filename unknown>:0 
2026-02-02 05:37:12 [E] [Runner] ApplyPackToFontData EX: System.MissingMethodException: Method not found: 'System.Type.op_Equality'.
  at FontHook.FontHookRunner.BuildTk2dDict (FontHook.BMFontPack pack) [0x00000] in <filename unknown>:0 
  at FontHook.FontHookRunner.ApplyPackToFontData (System.Object fontDataObj, FontHook.BMFontPack pack) [0x00000] in <filename unknown>:0 
2026-02-02 05:37:12 [E] [Runner] ApplyPackToFontData EX: System.MissingMethodException: Method not found: 'System.Type.op_Equality'.
  at FontHook.FontHookRunner.BuildTk2dDict (FontHook.BMFontPack pack) [0x00000] in <filename unknown>:0 
  at FontHook.FontHookRunner.ApplyPackToFontData (System.Object fontDataObj, FontHook.BMFontPack pack) [0x00000] in <filename unknown>:0 
2026-02-02 05:37:12 [E] [Runner] ApplyPackToFontData EX: System.MissingMethodException: Method not found: 'System.Type.op_Equality'.
  at FontHook.FontHookRunner.BuildTk2dDict (FontHook.BMFontPack pack) [0x00000] in <filename unknown>:0 
  at FontHook.FontHookRunner.ApplyPackToFontData (System.Object fontDataObj, FontHook.BMFontPack pack) [0x00000] in <filename unknown>:0 
2026-02-02 05:37:12 [E] [Runner] ApplyPackToFontData EX: System.MissingMethodException: Method not found: 'System.Type.op_Equality'.
  at FontHook.FontHookRunner.BuildTk2dDict (FontHook.BMFontPack pack) [0x00000] in <filename unknown>:0 
  at FontHook.FontHookRunner.ApplyPackToFontData (System.Object fontDataObj, FontHook.BMFontPack pack) [0x00000] in <filename unknown>:0 
2026-02-02 05:37:12 [E] [Runner] ApplyPackToFontData EX: System.MissingMethodException: Method not found: 'System.Type.op_Equality'.
  at FontHook.FontHookRunner.BuildTk2dDict (FontHook.BMFontPack pack) [0x00000] in <filename unknown>:0 
  at FontHook.FontHookRunner.ApplyPackToFontData (System.Object fontDataObj, FontHook.BMFontPack pack) [0x00000] in <filename unknown>:0 
2026-02-02 05:37:12 [E] [Runner] ApplyPackToFontData EX: System.MissingMethodException: Method not found: 'System.Type.op_Equality'.
  at FontHook.FontHookRunner.BuildTk2dDict (FontHook.BMFontPack pack) [0x00000] in <filename unknown>:0 
  at FontHook.FontHookRunner.ApplyPackToFontData (System.Object fontDataObj, FontHook.BMFontPack pack) [0x00000] in <filename unknown>:0 
2026-02-02 05:37:12 [E] [Runner] ApplyPackToFontData EX: System.MissingMethodException: Method not found: 'System.Type.op_Equality'.
  at FontHook.FontHookRunner.BuildTk2dDict (FontHook.BMFontPack pack) [0x00000] in <filename unknown>:0 
  at FontHook.FontHookRunner.ApplyPackToFontData (System.Object fontDataObj, FontHook.BMFontPack pack) [0x00000] in <filename unknown>:0 
2026-02-02 05:37:12 [E] [Runner] ApplyPackToFontData EX: System.MissingMethodException: Method not found: 'System.Type.op_Equality'.
  at FontHook.FontHookRunner.BuildTk2dDict (FontHook.BMFontPack pack) [0x00000] in <filename unknown>:0 
  at FontHook.FontHookRunner.ApplyPackToFontData (System.Object fontDataObj, FontHook.BMFontPack pack) [0x00000] in <filename unknown>:0 
2026-02-02 05:37:12 [E] [Runner] ApplyPackToFontData EX: System.MissingMethodException: Method not found: 'System.Type.op_Equality'.
  at FontHook.FontHookRunner.BuildTk2dDict (FontHook.BMFontPack pack) [0x00000] in <filename unknown>:0 
  at FontHook.FontHookRunner.ApplyPackToFontData (System.Object fontDataObj, FontHook.BMFontPack pack) [0x00000] in <filename unknown>:0 
2026-02-02 05:37:12 [E] [Runner] ApplyPackToFontData EX: System.MissingMethodException: Method not found: 'System.Type.op_Equality'.
  at FontHook.FontHookRunner.BuildTk2dDict (FontHook.BMFontPack pack) [0x00000] in <filename unknown>:0 
  at FontHook.FontHookRunner.ApplyPackToFontData (System.Object fontDataObj, FontHook.BMFontPack pack) [0x00000] in <filename unknown>:0 
2026-02-02 05:37:12 [E] [Runner] ApplyPackToFontData EX: System.MissingMethodException: Method not found: 'System.Type.op_Equality'.
  at FontHook.FontHookRunner.BuildTk2dDict (FontHook.BMFontPack pack) [0x00000] in <filename unknown>:0 
  at FontHook.FontHookRunner.ApplyPackToFontData (System.Object fontDataObj, FontHook.BMFontPack pack) [0x00000] in <filename unknown>:0 
2026-02-02 05:37:12 [E] [Runner] ApplyPackToFontData EX: System.MissingMethodException: Method not found: 'System.Type.op_Equality'.
  at FontHook.FontHookRunner.BuildTk2dDict (FontHook.BMFontPack pack) [0x00000] in <filename unknown>:0 
  at FontHook.FontHookRunner.ApplyPackToFontData (System.Object fontDataObj, FontHook.BMFontPack pack) [0x00000] in <filename unknown>:0 
2026-02-02 05:37:12 [I] [Runner] ApplyAllFontsOnce: fonts=34 changed=0
2026-02-02 05:37:12 [I] [Runner] Bootstrap LEAVE
2026-02-02 05:37:12 [I] [Entry] Install LEAVE
2026-02-02 05:37:14 [E] [Runner] ApplyPackToFontData EX: System.MissingMethodException: Method not found: 'System.Type.op_Equality'.
  at FontHook.FontHookRunner.BuildTk2dDict (FontHook.BMFontPack pack) [0x00000] in <filename unknown>:0 
  at FontHook.FontHookRunner.ApplyPackToFontData (System.Object fontDataObj, FontHook.BMFontPack pack) [0x00000] in <filename unknown>:0 
2026-02-02 05:37:14 [I] [Runner] sample font=ExoDemibold16pxFontdata => key=b20 px=16 bold=True
2026-02-02 05:37:14 [E] [Runner] ApplyPackToFontData EX: System.MissingMethodException: Method not found: 'System.Type.op_Equality'.
  at FontHook.FontHookRunner.BuildTk2dDict (FontHook.BMFontPack pack) [0x00000] in <filename unknown>:0 
  at FontHook.FontHookRunner.ApplyPackToFontData (System.Object fontDataObj, FontHook.BMFontPack pack) [0x00000] in <filename unknown>:0 
2026-02-02 05:37:14 [E] [Runner] ApplyPackToFontData EX: System.MissingMethodException: Method not found: 'System.Type.op_Equality'.
  at FontHook.FontHookRunner.BuildTk2dDict (FontHook.BMFontPack pack) [0x00000] in <filename unknown>:0 
  at FontHook.FontHookRunner.ApplyPackToFontData (System.Object fontDataObj, FontHook.BMFontPack pack) [0x00000] in <filename unknown>:0 
2026-02-02 05:37:14 [E] [Runner] ApplyPackToFontData EX: System.MissingMethodException: Method not found: 'System.Type.op_Equality'.
  at FontHook.FontHookRunner.BuildTk2dDict (FontHook.BMFontPack pack) [0x00000] in <filename unknown>:0 
  at FontHook.FontHookRunner.ApplyPackToFontData (System.Object fontDataObj, FontHook.BMFontPack pack) [0x00000] in <filename unknown>:0 
2026-02-02 05:37:14 [E] [Runner] ApplyPackToFontData EX: System.MissingMethodException: Method not found: 'System.Type.op_Equality'.
  at FontHook.FontHookRunner.BuildTk2dDict (FontHook.BMFontPack pack) [0x00000] in <filename unknown>:0 
  at FontHook.FontHookRunner.ApplyPackToFontData (System.Object fontDataObj, FontHook.BMFontPack pack) [0x00000] in <filename unknown>:0 
2026-02-02 05:37:14 [E] [Runner] ApplyPackToFontData EX: System.MissingMethodException: Method not found: 'System.Type.op_Equality'.
  at FontHook.FontHookRunner.BuildTk2dDict (FontHook.BMFontPack pack) [0x00000] in <filename unknown>:0 
  at FontHook.FontHookRunner.ApplyPackToFontData (System.Object fontDataObj, FontHook.BMFontPack pack) [0x00000] in <filename unknown>:0 
2026-02-02 05:37:14 [E] [Runner] ApplyPackToFontData EX: System.MissingMethodException: Method not found: 'System.Type.op_Equality'.
  at FontHook.FontHookRunner.BuildTk2dDict (FontHook.BMFontPack pack) [0x00000] in <filename unknown>:0 
  at FontHook.FontHookRunner.ApplyPackToFontData (System.Object fontDataObj, FontHook.BMFontPack pack) [0x00000] in <filename unknown>:0 
2026-02-02 05:37:14 [E] [Runner] ApplyPackToFontData EX: System.MissingMethodException: Method not found: 'System.Type.op_Equality'.
  at FontHook.FontHookRunner.BuildTk2dDict (FontHook.BMFontPack pack) [0x00000] in <filename unknown>:0 
  at FontHook.FontHookRunner.ApplyPackToFontData (System.Object fontDataObj, FontHook.BMFontPack pack) [0x00000] in <filename unknown>:0 
2026-02-02 05:37:14 [E] [Runner] ApplyPackToFontData EX: System.MissingMethodException: Method not found: 'System.Type.op_Equality'.
  at FontHook.FontHookRunner.BuildTk2dDict (FontHook.BMFontPack pack) [0x00000] in <filename unknown>:0 
  at FontHook.FontHookRunner.ApplyPackToFontData (System.Object fontDataObj, FontHook.BMFontPack pack) [0x00000] in <filename unknown>:0 
2026-02-02 05:37:14 [E] [Runner] ApplyPackToFontData EX: System.MissingMethodException: Method not found: 'System.Type.op_Equality'.
  at FontHook.FontHookRunner.BuildTk2dDict (FontHook.BMFontPack pack) [0x00000] in <filename unknown>:0 
  at FontHook.FontHookRunner.ApplyPackToFontData (System.Object fontDataObj, FontHook.BMFontPack pack) [0x00000] in <filename unknown>:0 
2026-02-02 05:37:14 [E] [Runner] ApplyPackToFontData EX: System.MissingMethodException: Method not found: 'System.Type.op_Equality'.
  at FontHook.FontHookRunner.BuildTk2dDict (FontHook.BMFontPack pack) [0x00000] in <filename unknown>:0 
  at FontHook.FontHookRunner.ApplyPackToFontData (System.Object fontDataObj, FontHook.BMFontPack pack) [0x00000] in <filename unknown>:0 
2026-02-02 05:37:14 [E] [Runner] ApplyPackToFontData EX: System.MissingMethodException: Method not found: 'System.Type.op_Equality'.
  at FontHook.FontHookRunner.BuildTk2dDict (FontHook.BMFontPack pack) [0x00000] in <filename unknown>:0 
  at FontHook.FontHookRunner.ApplyPackToFontData (System.Object fontDataObj, FontHook.BMFontPack pack) [0x00000] in <filename unknown>:0 
2026-02-02 05:37:14 [E] [Runner] ApplyPackToFontData EX: System.MissingMethodException: Method not found: 'System.Type.op_Equality'.
  at FontHook.FontHookRunner.BuildTk2dDict (FontHook.BMFontPack pack) [0x00000] in <filename unknown>:0 
  at FontHook.FontHookRunner.ApplyPackToFontData (System.Object fontDataObj, FontHook.BMFontPack pack) [0x00000] in <filename unknown>:0 
2026-02-02 05:37:14 [E] [Runner] ApplyPackToFontData EX: System.MissingMethodException: Method not found: 'System.Type.op_Equality'.
  at FontHook.FontHookRunner.BuildTk2dDict (FontHook.BMFontPack pack) [0x00000] in <filename unknown>:0 
  at FontHook.FontHookRunner.ApplyPackToFontData (System.Object fontDataObj, FontHook.BMFontPack pack) [0x00000] in <filename unknown>:0 
2026-02-02 05:37:14 [E] [Runner] ApplyPackToFontData EX: System.MissingMethodException: Method not found: 'System.Type.op_Equality'.
  at FontHook.FontHookRunner.BuildTk2dDict (FontHook.BMFontPack pack) [0x00000] in <filename unknown>:0 
  at FontHook.FontHookRunner.ApplyPackToFontData (System.Object fontDataObj, FontHook.BMFontPack pack) [0x00000] in <filename unknown>:0 
2026-02-02 05:37:14 [E] [Runner] ApplyPackToFontData EX: System.MissingMethodException: Method not found: 'System.Type.op_Equality'.
  at FontHook.FontHookRunner.BuildTk2dDict (FontHook.BMFontPack pack) [0x00000] in <filename unknown>:0 
  at FontHook.FontHookRunner.ApplyPackToFontData (System.Object fontDataObj, FontHook.BMFontPack pack) [0x00000] in <filename unknown>:0 
2026-02-02 05:37:14 [E] [Runner] ApplyPackToFontData EX: System.MissingMethodException: Method not found: 'System.Type.op_Equality'.
  at FontHook.FontHookRunner.BuildTk2dDict (FontHook.BMFontPack pack) [0x00000] in <filename unknown>:0 
  at FontHook.FontHookRunner.ApplyPackToFontData (System.Object fontDataObj, FontHook.BMFontPack pack) [0x00000] in <filename unknown>:0 
2026-02-02 05:37:14 [E] [Runner] ApplyPackToFontData EX: System.MissingMethodException: Method not found: 'System.Type.op_Equality'.
  at FontHook.FontHookRunner.BuildTk2dDict (FontHook.BMFontPack pack) [0x00000] in <filename unknown>:0 
  at FontHook.FontHookRunner.ApplyPackToFontData (System.Object fontDataObj, FontHook.BMFontPack pack) [0x00000] in <filename unknown>:0 
2026-02-02 05:37:14 [E] [Runner] ApplyPackToFontData EX: System.MissingMethodException: Method not found: 'System.Type.op_Equality'.
  at FontHook.FontHookRunner.BuildTk2dDict (FontHook.BMFontPack pack) [0x00000] in <filename unknown>:0 
  at FontHook.FontHookRunner.ApplyPackToFontData (System.Object fontDataObj, FontHook.BMFontPack pack) [0x00000] in <filename unknown>:0 
2026-02-02 05:37:14 [E] [Runner] ApplyPackToFontData EX: System.MissingMethodException: Method not found: 'System.Type.op_Equality'.
  at FontHook.FontHookRunner.BuildTk2dDict (FontHook.BMFontPack pack) [0x00000] in <filename unknown>:0 
  at FontHook.FontHookRunner.ApplyPackToFontData (System.Object fontDataObj, FontHook.BMFontPack pack) [0x00000] in <filename unknown>:0 
2026-02-02 05:37:14 [E] [Runner] ApplyPackToFontData EX: System.MissingMethodException: Method not found: 'System.Type.op_Equality'.
  at FontHook.FontHookRunner.BuildTk2dDict (FontHook.BMFontPack pack) [0x00000] in <filename unknown>:0 
  at FontHook.FontHookRunner.ApplyPackToFontData (System.Object fontDataObj, FontHook.BMFontPack pack) [0x00000] in <filename unknown>:0 
2026-02-02 05:37:14 [E] [Runner] ApplyPackToFontData EX: System.MissingMethodException: Method not found: 'System.Type.op_Equality'.
  at FontHook.FontHookRunner.BuildTk2dDict (FontHook.BMFontPack pack) [0x00000] in <filename unknown>:0 
  at FontHook.FontHookRunner.ApplyPackToFontData (System.Object fontDataObj, FontHook.BMFontPack pack) [0x00000] in <filename unknown>:0 
2026-02-02 05:37:14 [E] [Runner] ApplyPackToFontData EX: System.MissingMethodException: Method not found: 'System.Type.op_Equality'.
  at FontHook.FontHookRunner.BuildTk2dDict (FontHook.BMFontPack pack) [0x00000] in <filename unknown>:0 
  at FontHook.FontHookRunner.ApplyPackToFontData (System.Object fontDataObj, FontHook.BMFontPack pack) [0x00000] in <filename unknown>:0 
2026-02-02 05:37:14 [E] [Runner] ApplyPackToFontData EX: System.MissingMethodException: Method not found: 'System.Type.op_Equality'.
  at FontHook.FontHookRunner.BuildTk2dDict (FontHook.BMFontPack pack) [0x00000] in <filename unknown>:0 
  at FontHook.FontHookRunner.ApplyPackToFontData (System.Object fontDataObj, FontHook.BMFontPack pack) [0x00000] in <filename unknown>:0 
2026-02-02 05:37:14 [E] [Runner] ApplyPackToFontData EX: System.MissingMethodException: Method not found: 'System.Type.op_Equality'.
  at FontHook.FontHookRunner.BuildTk2dDict (FontHook.BMFontPack pack) [0x00000] in <filename unknown>:0 
  at FontHook.FontHookRunner.ApplyPackToFontData (System.Object fontDataObj, FontHook.BMFontPack pack) [0x00000] in <filename unknown>:0 
2026-02-02 05:37:14 [E] [Runner] ApplyPackToFontData EX: System.MissingMethodException: Method not found: 'System.Type.op_Equality'.
  at FontHook.FontHookRunner.BuildTk2dDict (FontHook.BMFontPack pack) [0x00000] in <filename unknown>:0 
  at FontHook.FontHookRunner.ApplyPackToFontData (System.Object fontDataObj, FontHook.BMFontPack pack) [0x00000] in <filename unknown>:0 
2026-02-02 05:37:14 [E] [Runner] ApplyPackToFontData EX: System.MissingMethodException: Method not found: 'System.Type.op_Equality'.
  at FontHook.FontHookRunner.BuildTk2dDict (FontHook.BMFontPack pack) [0x00000] in <filename unknown>:0 
  at FontHook.FontHookRunner.ApplyPackToFontData (System.Object fontDataObj, FontHook.BMFontPack pack) [0x00000] in <filename unknown>:0 
2026-02-02 05:37:14 [E] [Runner] ApplyPackToFontData EX: System.MissingMethodException: Method not found: 'System.Type.op_Equality'.
  at FontHook.FontHookRunner.BuildTk2dDict (FontHook.BMFontPack pack) [0x00000] in <filename unknown>:0 
  at FontHook.FontHookRunner.ApplyPackToFontData (System.Object fontDataObj, FontHook.BMFontPack pack) [0x00000] in <filename unknown>:0 
2026-02-02 05:37:14 [E] [Runner] ApplyPackToFontData EX: System.MissingMethodException: Method not found: 'System.Type.op_Equality'.
  at FontHook.FontHookRunner.BuildTk2dDict (FontHook.BMFontPack pack) [0x00000] in <filename unknown>:0 
  at FontHook.FontHookRunner.ApplyPackToFontData (System.Object fontDataObj, FontHook.BMFontPack pack) [0x00000] in <filename unknown>:0 
2026-02-02 05:37:14 [E] [Runner] ApplyPackToFontData EX: System.MissingMethodException: Method not found: 'System.Type.op_Equality'.
  at FontHook.FontHookRunner.BuildTk2dDict (FontHook.BMFontPack pack) [0x00000] in <filename unknown>:0 
  at FontHook.FontHookRunner.ApplyPackToFontData (System.Object fontDataObj, FontHook.BMFontPack pack) [0x00000] in <filename unknown>:0 
2026-02-02 05:37:14 [E] [Runner] ApplyPackToFontData EX: System.MissingMethodException: Method not found: 'System.Type.op_Equality'.
  at FontHook.FontHookRunner.BuildTk2dDict (FontHook.BMFontPack pack) [0x00000] in <filename unknown>:0 
  at FontHook.FontHookRunner.ApplyPackToFontData (System.Object fontDataObj, FontHook.BMFontPack pack) [0x00000] in <filename unknown>:0 
2026-02-02 05:37:14 [E] [Runner] ApplyPackToFontData EX: System.MissingMethodException: Method not found: 'System.Type.op_Equality'.
  at FontHook.FontHookRunner.BuildTk2dDict (FontHook.BMFontPack pack) [0x00000] in <filename unknown>:0 
  at FontHook.FontHookRunner.ApplyPackToFontData (System.Object fontDataObj, FontHook.BMFontPack pack) [0x00000] in <filename unknown>:0 
2026-02-02 05:37:14 [E] [Runner] ApplyPackToFontData EX: System.MissingMethodException: Method not found: 'System.Type.op_Equality'.
  at FontHook.FontHookRunner.BuildTk2dDict (FontHook.BMFontPack pack) [0x00000] in <filename unknown>:0 
  at FontHook.FontHookRunner.ApplyPackToFontData (System.Object fontDataObj, FontHook.BMFontPack pack) [0x00000] in <filename unknown>:0 
2026-02-02 05:37:14 [E] [Runner] ApplyPackToFontData EX: System.MissingMethodException: Method not found: 'System.Type.op_Equality'.
  at FontHook.FontHookRunner.BuildTk2dDict (FontHook.BMFontPack pack) [0x00000] in <filename unknown>:0 
  at FontHook.FontHookRunner.ApplyPackToFontData (System.Object fontDataObj, FontHook.BMFontPack pack) [0x00000] in <filename unknown>:0 
2026-02-02 05:37:14 [I] [Runner] ApplyAllFontsOnce: fonts=34 changed=0
2026-02-02 05:37:16 [E] [Runner] ApplyPackToFontData EX: System.MissingMethodException: Method not found: 'System.Type.op_Equality'.
  at FontHook.FontHookRunner.BuildTk2dDict (FontHook.BMFontPack pack) [0x00000] in <filename unknown>:0 
  at FontHook.FontHookRunner.ApplyPackToFontData (System.Object fontDataObj, FontHook.BMFontPack pack) [0x00000] in <filename unknown>:0 
2026-02-02 05:37:16 [I] [Runner] sample font=ExoDemibold16pxFontdata => key=b20 px=16 bold=True
2026-02-02 05:37:16 [E] [Runner] ApplyPackToFontData EX: System.MissingMethodException: Method not found: 'System.Type.op_Equality'.
  at FontHook.FontHookRunner.BuildTk2dDict (FontHook.BMFontPack pack) [0x00000] in <filename unknown>:0 
  at FontHook.FontHookRunner.ApplyPackToFontData (System.Object fontDataObj, FontHook.BMFontPack pack) [0x00000] in <filename unknown>:0 
2026-02-02 05:37:16 [E] [Runner] ApplyPackToFontData EX: System.MissingMethodException: Method not found: 'System.Type.op_Equality'.
  at FontHook.FontHookRunner.BuildTk2dDict (FontHook.BMFontPack pack) [0x00000] in <filename unknown>:0 
  at FontHook.FontHookRunner.ApplyPackToFontData (System.Object fontDataObj, FontHook.BMFontPack pack) [0x00000] in <filename unknown>:0 
2026-02-02 05:37:16 [E] [Runner] ApplyPackToFontData EX: System.MissingMethodException: Method not found: 'System.Type.op_Equality'.
  at FontHook.FontHookRunner.BuildTk2dDict (FontHook.BMFontPack pack) [0x00000] in <filename unknown>:0 
  at FontHook.FontHookRunner.ApplyPackToFontData (System.Object fontDataObj, FontHook.BMFontPack pack) [0x00000] in <filename unknown>:0 
2026-02-02 05:37:16 [E] [Runner] ApplyPackToFontData EX: System.MissingMethodException: Method not found: 'System.Type.op_Equality'.
  at FontHook.FontHookRunner.BuildTk2dDict (FontHook.BMFontPack pack) [0x00000] in <filename unknown>:0 
  at FontHook.FontHookRunner.ApplyPackToFontData (System.Object fontDataObj, FontHook.BMFontPack pack) [0x00000] in <filename unknown>:0 
2026-02-02 05:37:16 [E] [Runner] ApplyPackToFontData EX: System.MissingMethodException: Method not found: 'System.Type.op_Equality'.
  at FontHook.FontHookRunner.BuildTk2dDict (FontHook.BMFontPack pack) [0x00000] in <filename unknown>:0 
  at FontHook.FontHookRunner.ApplyPackToFontData (System.Object fontDataObj, FontHook.BMFontPack pack) [0x00000] in <filename unknown>:0 
2026-02-02 05:37:16 [E] [Runner] ApplyPackToFontData EX: System.MissingMethodException: Method not found: 'System.Type.op_Equality'.
  at FontHook.FontHookRunner.BuildTk2dDict (FontHook.BMFontPack pack) [0x00000] in <filename unknown>:0 
  at FontHook.FontHookRunner.ApplyPackToFontData (System.Object fontDataObj, FontHook.BMFontPack pack) [0x00000] in <filename unknown>:0 
2026-02-02 05:37:16 [E] [Runner] ApplyPackToFontData EX: System.MissingMethodException: Method not found: 'System.Type.op_Equality'.
  at FontHook.FontHookRunner.BuildTk2dDict (FontHook.BMFontPack pack) [0x00000] in <filename unknown>:0 
  at FontHook.FontHookRunner.ApplyPackToFontData (System.Object fontDataObj, FontHook.BMFontPack pack) [0x00000] in <filename unknown>:0 
2026-02-02 05:37:16 [E] [Runner] ApplyPackToFontData EX: System.MissingMethodException: Method not found: 'System.Type.op_Equality'.
  at FontHook.FontHookRunner.BuildTk2dDict (FontHook.BMFontPack pack) [0x00000] in <filename unknown>:0 
  at FontHook.FontHookRunner.ApplyPackToFontData (System.Object fontDataObj, FontHook.BMFontPack pack) [0x00000] in <filename unknown>:0 
2026-02-02 05:37:16 [E] [Runner] ApplyPackToFontData EX: System.MissingMethodException: Method not found: 'System.Type.op_Equality'.
  at FontHook.FontHookRunner.BuildTk2dDict (FontHook.BMFontPack pack) [0x00000] in <filename unknown>:0 
  at FontHook.FontHookRunner.ApplyPackToFontData (System.Object fontDataObj, FontHook.BMFontPack pack) [0x00000] in <filename unknown>:0 
2026-02-02 05:37:16 [E] [Runner] ApplyPackToFontData EX: System.MissingMethodException: Method not found: 'System.Type.op_Equality'.
  at FontHook.FontHookRunner.BuildTk2dDict (FontHook.BMFontPack pack) [0x00000] in <filename unknown>:0 
  at FontHook.FontHookRunner.ApplyPackToFontData (System.Object fontDataObj, FontHook.BMFontPack pack) [0x00000] in <filename unknown>:0 
2026-02-02 05:37:16 [E] [Runner] ApplyPackToFontData EX: System.MissingMethodException: Method not found: 'System.Type.op_Equality'.
  at FontHook.FontHookRunner.BuildTk2dDict (FontHook.BMFontPack pack) [0x00000] in <filename unknown>:0 
  at FontHook.FontHookRunner.ApplyPackToFontData (System.Object fontDataObj, FontHook.BMFontPack pack) [0x00000] in <filename unknown>:0 
2026-02-02 05:37:16 [E] [Runner] ApplyPackToFontData EX: System.MissingMethodException: Method not found: 'System.Type.op_Equality'.
  at FontHook.FontHookRunner.BuildTk2dDict (FontHook.BMFontPack pack) [0x00000] in <filename unknown>:0 
  at FontHook.FontHookRunner.ApplyPackToFontData (System.Object fontDataObj, FontHook.BMFontPack pack) [0x00000] in <filename unknown>:0 
2026-02-02 05:37:16 [E] [Runner] ApplyPackToFontData EX: System.MissingMethodException: Method not found: 'System.Type.op_Equality'.
  at FontHook.FontHookRunner.BuildTk2dDict (FontHook.BMFontPack pack) [0x00000] in <filename unknown>:0 
  at FontHook.FontHookRunner.ApplyPackToFontData (System.Object fontDataObj, FontHook.BMFontPack pack) [0x00000] in <filename unknown>:0 
2026-02-02 05:37:16 [E] [Runner] ApplyPackToFontData EX: System.MissingMethodException: Method not found: 'System.Type.op_Equality'.
  at FontHook.FontHookRunner.BuildTk2dDict (FontHook.BMFontPack pack) [0x00000] in <filename unknown>:0 
  at FontHook.FontHookRunner.ApplyPackToFontData (System.Object fontDataObj, FontHook.BMFontPack pack) [0x00000] in <filename unknown>:0 
2026-02-02 05:37:16 [E] [Runner] ApplyPackToFontData EX: System.MissingMethodException: Method not found: 'System.Type.op_Equality'.
  at FontHook.FontHookRunner.BuildTk2dDict (FontHook.BMFontPack pack) [0x00000] in <filename unknown>:0 
  at FontHook.FontHookRunner.ApplyPackToFontData (System.Object fontDataObj, FontHook.BMFontPack pack) [0x00000] in <filename unknown>:0 
2026-02-02 05:37:16 [E] [Runner] ApplyPackToFontData EX: System.MissingMethodException: Method not found: 'System.Type.op_Equality'.
  at FontHook.FontHookRunner.BuildTk2dDict (FontHook.BMFontPack pack) [0x00000] in <filename unknown>:0 
  at FontHook.FontHookRunner.ApplyPackToFontData (System.Object fontDataObj, FontHook.BMFontPack pack) [0x00000] in <filename unknown>:0 
2026-02-02 05:37:16 [E] [Runner] ApplyPackToFontData EX: System.MissingMethodException: Method not found: 'System.Type.op_Equality'.
  at FontHook.FontHookRunner.BuildTk2dDict (FontHook.BMFontPack pack) [0x00000] in <filename unknown>:0 
  at FontHook.FontHookRunner.ApplyPackToFontData (System.Object fontDataObj, FontHook.BMFontPack pack) [0x00000] in <filename unknown>:0 
2026-02-02 05:37:16 [E] [Runner] ApplyPackToFontData EX: System.MissingMethodException: Method not found: 'System.Type.op_Equality'.
  at FontHook.FontHookRunner.BuildTk2dDict (FontHook.BMFontPack pack) [0x00000] in <filename unknown>:0 
  at FontHook.FontHookRunner.ApplyPackToFontData (System.Object fontDataObj, FontHook.BMFontPack pack) [0x00000] in <filename unknown>:0 
2026-02-02 05:37:16 [E] [Runner] ApplyPackToFontData EX: System.MissingMethodException: Method not found: 'System.Type.op_Equality'.
  at FontHook.FontHookRunner.BuildTk2dDict (FontHook.BMFontPack pack) [0x00000] in <filename unknown>:0 
  at FontHook.FontHookRunner.ApplyPackToFontData (System.Object fontDataObj, FontHook.BMFontPack pack) [0x00000] in <filename unknown>:0 
2026-02-02 05:37:16 [E] [Runner] ApplyPackToFontData EX: System.MissingMethodException: Method not found: 'System.Type.op_Equality'.
  at FontHook.FontHookRunner.BuildTk2dDict (FontHook.BMFontPack pack) [0x00000] in <filename unknown>:0 
  at FontHook.FontHookRunner.ApplyPackToFontData (System.Object fontDataObj, FontHook.BMFontPack pack) [0x00000] in <filename unknown>:0 
2026-02-02 05:37:16 [E] [Runner] ApplyPackToFontData EX: System.MissingMethodException: Method not found: 'System.Type.op_Equality'.
  at FontHook.FontHookRunner.BuildTk2dDict (FontHook.BMFontPack pack) [0x00000] in <filename unknown>:0 
  at FontHook.FontHookRunner.ApplyPackToFontData (System.Object fontDataObj, FontHook.BMFontPack pack) [0x00000] in <filename unknown>:0 
2026-02-02 05:37:16 [E] [Runner] ApplyPackToFontData EX: System.MissingMethodException: Method not found: 'System.Type.op_Equality'.
  at FontHook.FontHookRunner.BuildTk2dDict (FontHook.BMFontPack pack) [0x00000] in <filename unknown>:0 
  at FontHook.FontHookRunner.ApplyPackToFontData (System.Object fontDataObj, FontHook.BMFontPack pack) [0x00000] in <filename unknown>:0 
2026-02-02 05:37:16 [E] [Runner] ApplyPackToFontData EX: System.MissingMethodException: Method not found: 'System.Type.op_Equality'.
  at FontHook.FontHookRunner.BuildTk2dDict (FontHook.BMFontPack pack) [0x00000] in <filename unknown>:0 
  at FontHook.FontHookRunner.ApplyPackToFontData (System.Object fontDataObj, FontHook.BMFontPack pack) [0x00000] in <filename unknown>:0 
2026-02-02 05:37:16 [E] [Runner] ApplyPackToFontData EX: System.MissingMethodException: Method not found: 'System.Type.op_Equality'.
  at FontHook.FontHookRunner.BuildTk2dDict (FontHook.BMFontPack pack) [0x00000] in <filename unknown>:0 
  at FontHook.FontHookRunner.ApplyPackToFontData (System.Object fontDataObj, FontHook.BMFontPack pack) [0x00000] in <filename unknown>:0 
2026-02-02 05:37:16 [E] [Runner] ApplyPackToFontData EX: System.MissingMethodException: Method not found: 'System.Type.op_Equality'.
  at FontHook.FontHookRunner.BuildTk2dDict (FontHook.BMFontPack pack) [0x00000] in <filename unknown>:0 
  at FontHook.FontHookRunner.ApplyPackToFontData (System.Object fontDataObj, FontHook.BMFontPack pack) [0x00000] in <filename unknown>:0 
2026-02-02 05:37:16 [E] [Runner] ApplyPackToFontData EX: System.MissingMethodException: Method not found: 'System.Type.op_Equality'.
  at FontHook.FontHookRunner.BuildTk2dDict (FontHook.BMFontPack pack) [0x00000] in <filename unknown>:0 
  at FontHook.FontHookRunner.ApplyPackToFontData (System.Object fontDataObj, FontHook.BMFontPack pack) [0x00000] in <filename unknown>:0 
2026-02-02 05:37:16 [E] [Runner] ApplyPackToFontData EX: System.MissingMethodException: Method not found: 'System.Type.op_Equality'.
  at FontHook.FontHookRunner.BuildTk2dDict (FontHook.BMFontPack pack) [0x00000] in <filename unknown>:0 
  at FontHook.FontHookRunner.ApplyPackToFontData (System.Object fontDataObj, FontHook.BMFontPack pack) [0x00000] in <filename unknown>:0 
2026-02-02 05:37:16 [E] [Runner] ApplyPackToFontData EX: System.MissingMethodException: Method not found: 'System.Type.op_Equality'.
  at FontHook.FontHookRunner.BuildTk2dDict (FontHook.BMFontPack pack) [0x00000] in <filename unknown>:0 
  at FontHook.FontHookRunner.ApplyPackToFontData (System.Object fontDataObj, FontHook.BMFontPack pack) [0x00000] in <filename unknown>:0 
2026-02-02 05:37:16 [E] [Runner] ApplyPackToFontData EX: System.MissingMethodException: Method not found: 'System.Type.op_Equality'.
  at FontHook.FontHookRunner.BuildTk2dDict (FontHook.BMFontPack pack) [0x00000] in <filename unknown>:0 
  at FontHook.FontHookRunner.ApplyPackToFontData (System.Object fontDataObj, FontHook.BMFontPack pack) [0x00000] in <filename unknown>:0 
2026-02-02 05:37:16 [E] [Runner] ApplyPackToFontData EX: System.MissingMethodException: Method not found: 'System.Type.op_Equality'.
  at FontHook.FontHookRunner.BuildTk2dDict (FontHook.BMFontPack pack) [0x00000] in <filename unknown>:0 
  at FontHook.FontHookRunner.ApplyPackToFontData (System.Object fontDataObj, FontHook.BMFontPack pack) [0x00000] in <filename unknown>:0 
2026-02-02 05:37:16 [E] [Runner] ApplyPackToFontData EX: System.MissingMethodException: Method not found: 'System.Type.op_Equality'.
  at FontHook.FontHookRunner.BuildTk2dDict (FontHook.BMFontPack pack) [0x00000] in <filename unknown>:0 
  at FontHook.FontHookRunner.ApplyPackToFontData (System.Object fontDataObj, FontHook.BMFontPack pack) [0x00000] in <filename unknown>:0 
2026-02-02 05:37:16 [E] [Runner] ApplyPackToFontData EX: System.MissingMethodException: Method not found: 'System.Type.op_Equality'.
  at FontHook.FontHookRunner.BuildTk2dDict (FontHook.BMFontPack pack) [0x00000] in <filename unknown>:0 
  at FontHook.FontHookRunner.ApplyPackToFontData (System.Object fontDataObj, FontHook.BMFontPack pack) [0x00000] in <filename unknown>:0 
2026-02-02 05:37:16 [E] [Runner] ApplyPackToFontData EX: System.MissingMethodException: Method not found: 'System.Type.op_Equality'.
  at FontHook.FontHookRunner.BuildTk2dDict (FontHook.BMFontPack pack) [0x00000] in <filename unknown>:0 
  at FontHook.FontHookRunner.ApplyPackToFontData (System.Object fontDataObj, FontHook.BMFontPack pack) [0x00000] in <filename unknown>:0 
2026-02-02 05:37:16 [I] [Runner] ApplyAllFontsOnce: fonts=34 changed=0
